src/components/console/bottom-console.tsx(56,44): error TS2345: Argument of type 'Record<string, ConsoleLine[]>' is not assignable to parameter of type 'Record<string, string[]>'.
  'string' index signatures are incompatible.
    Type 'ConsoleLine[]' is not assignable to type 'string[]'.
      Type 'ConsoleLine' is not assignable to type 'string'.
src/components/features/profiles/new-profile-dialog-logic.tsx(27,7): error TS2353: Object literal may only specify known properties, and 'id' does not exist in type 'Omit<LlamaProfile, "id">'.
src/components/features/profiles/profile-detail-params.tsx(37,49): error TS2367: This comparison appears to be unintentional because the types 'string' and 'number' have no overlap.
src/components/features/profiles/profile-detail-view.tsx(73,47): error TS18048: 'profile.calibrationScore' is possibly 'undefined'.
src/components/features/profiles/profile-detail-view.tsx(75,54): error TS18048: 'profile.calibrationScore' is possibly 'undefined'.
src/components/features/releases/release-card.tsx(54,27): error TS2322: Type 'string' is not assignable to type 'ReleaseVariant'.
src/components/features/releases/release-card.tsx(71,36): error TS7053: Element implicitly has an 'any' type because expression of type 'string' can't be used to index type 'Record<ReleaseVariant, string>'.
  No index signature with a parameter of type 'string' was found on type 'Record<ReleaseVariant, string>'.
src/components/features/releases/release-card.tsx(78,57): error TS7053: Element implicitly has an 'any' type because expression of type 'string' can't be used to index type 'Record<ReleaseVariant, string>'.
  No index signature with a parameter of type 'string' was found on type 'Record<ReleaseVariant, string>'.
src/components/features/releases/release-card.tsx(79,25): error TS2345: Argument of type 'string' is not assignable to parameter of type 'ReleaseVariant'.
src/components/features/releases/release-table.tsx(55,23): error TS2322: Type 'string' is not assignable to type 'ReleaseVariant'.
src/components/features/settings/settings-global-tab.tsx(94,15): error TS2322: Type 'boolean | undefined' is not assignable to type 'boolean'.
  Type 'undefined' is not assignable to type 'boolean'.
src/components/features/settings/settings-global-tab.tsx(111,15): error TS2322: Type 'boolean | undefined' is not assignable to type 'boolean'.
  Type 'undefined' is not assignable to type 'boolean'.
src/components/features/settings/settings-global-tab.tsx(115,15): error TS2322: Type 'boolean | undefined' is not assignable to type 'boolean'.
  Type 'undefined' is not assignable to type 'boolean'.
src/components/features/settings/settings-global-tab.tsx(118,15): error TS2322: Type 'boolean | undefined' is not assignable to type 'boolean'.
  Type 'undefined' is not assignable to type 'boolean'.
src/components/layout/top-bar-notifications.tsx(67,96): error TS2769: No overload matches this call.
  Overload 1 of 4, '(value: string | number | Date): Date', gave the following error.
    Argument of type 'number | undefined' is not assignable to parameter of type 'string | number | Date'.
      Type 'undefined' is not assignable to type 'string | number | Date'.
  Overload 2 of 4, '(value: string | number): Date', gave the following error.
    Argument of type 'number | undefined' is not assignable to parameter of type 'string | number'.
      Type 'undefined' is not assignable to type 'string | number'.
src/components/pages/releases.tsx(63,9): error TS7053: Element implicitly has an 'any' type because expression of type 'string' can't be used to index type 'Record<ReleaseVariant, string>'.
  No index signature with a parameter of type 'string' was found on type 'Record<ReleaseVariant, string>'.
src/components/pages/releases.tsx(69,17): error TS18048: 'b.publishedAt' is possibly 'undefined'.
src/components/pages/releases.tsx(69,45): error TS2769: No overload matches this call.
  Overload 1 of 3, '(that: string, locales?: LocalesArgument, options?: CollatorOptions | undefined): number', gave the following error.
    Argument of type 'string | undefined' is not assignable to parameter of type 'string'.
      Type 'undefined' is not assignable to type 'string'.
  Overload 2 of 3, '(that: string, locales?: string | string[] | undefined, options?: CollatorOptions | undefined): number', gave the following error.
    Argument of type 'string | undefined' is not assignable to parameter of type 'string'.
      Type 'undefined' is not assignable to type 'string'.
  Overload 3 of 3, '(that: string): number', gave the following error.
    Argument of type 'string | undefined' is not assignable to parameter of type 'string'.
      Type 'undefined' is not assignable to type 'string'.
src/components/pages/releases.tsx(71,27): error TS2345: Argument of type 'string' is not assignable to parameter of type 'ReleaseVariant'.
src/components/pages/releases.tsx(71,53): error TS2345: Argument of type 'string' is not assignable to parameter of type 'ReleaseVariant'.
src/components/pages/releases.tsx(82,11): error TS2322: Type 'string | undefined' is not assignable to type 'string'.
  Type 'undefined' is not assignable to type 'string'.
src/components/pages/releases.tsx(87,24): error TS2345: Argument of type 'TagGroup | undefined' is not assignable to parameter of type 'TagGroup'.
  Type 'undefined' is not assignable to type 'TagGroup'.
src/components/pages/releases.tsx(89,7): error TS18048: 'g' is possibly 'undefined'.
src/components/ui/carousel.tsx(7,10): error TS2305: Module '"./carousel-content"' has no exported member 'default'.
src/components/ui/chart-container.tsx(27,24): error TS2339: Property 'ChartContext' does not exist on type 'typeof import("E:/Projects/llama-launcher/node_modules/.pnpm/recharts@2.15.4_react-dom@19.2.7_react@19.2.7__react@19.2.7/node_modules/recharts/types/index")'.
src/components/ui/chart-container.tsx(42,25): error TS2339: Property 'ChartContext' does not exist on type 'typeof import("E:/Projects/llama-launcher/node_modules/.pnpm/recharts@2.15.4_react-dom@19.2.7_react@19.2.7__react@19.2.7/node_modules/recharts/types/index")'.
src/components/ui/chart-tooltip.tsx(89,66): error TS2345: Argument of type 'Payload<ValueType, NameType>' is not assignable to parameter of type 'Record<string, unknown>'.
  Index signature for type 'string' is missing in type 'Payload<ValueType, NameType>'.
src/components/ui/chart.tsx(8,10): error TS2305: Module '"./chart-types"' has no exported member 'ChartTooltip'.
src/lib/helpers-log.ts(20,20): error TS2345: Argument of type 'import("E:/Projects/llama-launcher/src/lib/types-process").LogKind' is not assignable to parameter of type 'import("E:/Projects/llama-launcher/src/lib/logger").LogKind'.
  Type '"system"' is not assignable to type 'LogKind'.
src/lib/helpers-mapper.ts(71,5): error TS2322: Type 'number | undefined' is not assignable to type 'number'.
  Type 'undefined' is not assignable to type 'number'.
src/lib/llama-store.ts(31,41): error TS2551: Property 'hibernateAfterSec' does not exist on type 'WorkspaceSettings'. Did you mean 'hibernate_after_sec'?
src/lib/llama-store.ts(34,9): error TS2367: This comparison appears to be unintentional because the types 'AppStatus' and '"waking"' have no overlap.
src/lib/llama-store.ts(48,25): error TS2345: Argument of type '{ kind: "warn"; title: string; body: string; }' is not assignable to parameter of type 'Omit<AppNotification, "id" | "ts" | "read">'.
  Property 'message' is missing in type '{ kind: "warn"; title: string; body: string; }' but required in type 'Omit<AppNotification, "id" | "ts" | "read">'.
src/lib/llama-store.ts(82,27): error TS2345: Argument of type '{ kind: "release"; title: string; body: string; actionLabel: string; }' is not assignable to parameter of type 'Omit<AppNotification, "id" | "ts" | "read">'.
  Property 'message' is missing in type '{ kind: "release"; title: string; body: string; actionLabel: string; }' but required in type 'Omit<AppNotification, "id" | "ts" | "read">'.
src/lib/types.ts(18,10): error TS1205: Re-exporting a type when 'isolatedModules' is enabled requires using 'export type'.
src/lib/types.ts(18,21): error TS1205: Re-exporting a type when 'isolatedModules' is enabled requires using 'export type'.
src/lib/types.ts(21,55): error TS2305: Module '"./types-workspace"' has no exported member 'defaultGlobalSettings'.
src/stores/__tests__/downloads-slice.test.ts(54,19): error TS2741: Property 'completedAt' is missing in type '{ id: string; status: "downloading"; kind: string; repo: string; quant: string; filename: string; sizeGb: number; progress: number; speed: number; eta: string; startedAt: number; modelName: string; builder: string; }' but required in type 'HFDownload'.
src/stores/__tests__/downloads-slice.test.ts(417,21): error TS2741: Property 'completedAt' is missing in type '{ id: string; status: "failed"; kind: string; repo: string; quant: string; filename: string; sizeGb: number; progress: number; speed: number; eta: string; startedAt: number; modelName: string; builder: string; }' but required in type 'HFDownload'.
src/stores/__tests__/notifications-slice.test.ts(40,38): error TS2345: Argument of type '{ kind: "info"; title: string; body: string; }' is not assignable to parameter of type 'Omit<AppNotification, "id" | "ts" | "read">'.
  Property 'message' is missing in type '{ kind: "info"; title: string; body: string; }' but required in type 'Omit<AppNotification, "id" | "ts" | "read">'.
src/stores/__tests__/notifications-slice.test.ts(50,38): error TS2345: Argument of type '{ kind: "info"; title: string; body: string; }' is not assignable to parameter of type 'Omit<AppNotification, "id" | "ts" | "read">'.
  Property 'message' is missing in type '{ kind: "info"; title: string; body: string; }' but required in type 'Omit<AppNotification, "id" | "ts" | "read">'.
src/stores/__tests__/notifications-slice.test.ts(59,38): error TS2345: Argument of type '{ kind: "info"; title: string; body: string; }' is not assignable to parameter of type 'Omit<AppNotification, "id" | "ts" | "read">'.
  Property 'message' is missing in type '{ kind: "info"; title: string; body: string; }' but required in type 'Omit<AppNotification, "id" | "ts" | "read">'.
src/stores/__tests__/notifications-slice.test.ts(60,38): error TS2345: Argument of type '{ kind: "warn"; title: string; body: string; }' is not assignable to parameter of type 'Omit<AppNotification, "id" | "ts" | "read">'.
  Property 'message' is missing in type '{ kind: "warn"; title: string; body: string; }' but required in type 'Omit<AppNotification, "id" | "ts" | "read">'.
src/stores/__tests__/notifications-slice.test.ts(70,38): error TS2345: Argument of type '{ kind: "info"; title: string; body: string; }' is not assignable to parameter of type 'Omit<AppNotification, "id" | "ts" | "read">'.
  Property 'message' is missing in type '{ kind: "info"; title: string; body: string; }' but required in type 'Omit<AppNotification, "id" | "ts" | "read">'.
src/stores/__tests__/notifications-slice.test.ts(79,40): error TS2345: Argument of type '{ kind: "info"; title: string; body: string; }' is not assignable to parameter of type 'Omit<AppNotification, "id" | "ts" | "read">'.
  Property 'message' is missing in type '{ kind: "info"; title: string; body: string; }' but required in type 'Omit<AppNotification, "id" | "ts" | "read">'.
src/stores/__tests__/profiles-slice.test.ts(44,7): error TS2322: Type 'number' is not assignable to type 'string'.
src/stores/__tests__/profiles-slice.test.ts(45,7): error TS2322: Type 'number' is not assignable to type 'string'.
src/stores/__tests__/profiles-slice.test.ts(46,7): error TS2322: Type 'number' is not assignable to type 'string'.
src/stores/__tests__/profiles-slice.test.ts(47,7): error TS2322: Type 'number' is not assignable to type 'string'.
src/stores/__tests__/profiles-slice.test.ts(48,7): error TS2322: Type 'number' is not assignable to type 'string'.
src/stores/__tests__/profiles-slice.test.ts(53,7): error TS2322: Type 'number' is not assignable to type 'string'.
src/stores/__tests__/profiles-slice.test.ts(55,7): error TS2322: Type 'number' is not assignable to type 'string'.
src/stores/__tests__/profiles-slice.test.ts(56,7): error TS2322: Type 'number' is not assignable to type 'string'.
src/stores/__tests__/profiles-slice.test.ts(59,7): error TS2322: Type 'number' is not assignable to type 'string'.
src/stores/__tests__/profiles-slice.test.ts(64,7): error TS2322: Type 'number' is not assignable to type 'string'.
src/stores/__tests__/profiles-slice.test.ts(67,7): error TS2322: Type 'number' is not assignable to type 'string'.
src/stores/__tests__/profiles-slice.test.ts(68,7): error TS2322: Type 'number' is not assignable to type 'string'.
src/stores/__tests__/profiles-slice.test.ts(69,7): error TS2322: Type 'number' is not assignable to type 'string'.
src/stores/__tests__/profiles-slice.test.ts(70,7): error TS2322: Type 'number' is not assignable to type 'string'.
src/stores/__tests__/profiles-slice.test.ts(71,7): error TS2322: Type 'number' is not assignable to type 'string'.
src/stores/__tests__/profiles-slice.test.ts(72,7): error TS2322: Type 'number' is not assignable to type 'string'.
src/stores/__tests__/profiles-slice.test.ts(73,7): error TS2322: Type 'number' is not assignable to type 'string'.
src/stores/__tests__/profiles-slice.test.ts(74,7): error TS2322: Type 'number' is not assignable to type 'string'.
src/stores/__tests__/profiles-slice.test.ts(75,7): error TS2322: Type 'number' is not assignable to type 'string'.
src/stores/__tests__/profiles-slice.test.ts(80,7): error TS2322: Type 'number' is not assignable to type 'string'.
src/stores/__tests__/profiles-slice.test.ts(83,7): error TS2322: Type 'number' is not assignable to type 'string'.
src/stores/__tests__/profiles-slice.test.ts(84,7): error TS2322: Type 'number' is not assignable to type 'string'.
src/stores/__tests__/profiles-slice.test.ts(85,7): error TS2322: Type 'number' is not assignable to type 'string'.
src/stores/__tests__/profiles-slice.test.ts(88,7): error TS2322: Type 'number' is not assignable to type 'string'.
src/stores/__tests__/releases-slice.test.ts(45,37): error TS2322: Type 'null' is not assignable to type 'string | undefined'.
src/stores/__tests__/releases-slice.test.ts(57,37): error TS2322: Type 'null' is not assignable to type 'string | undefined'.
src/stores/__tests__/workspaces-slice.test.ts(42,35): error TS2741: Property 'description' is missing in type '{ id: string; name: string; color: string; }' but required in type 'Workspace'.
src/stores/__tests__/workspaces-slice.test.ts(57,35): error TS2741: Property 'description' is missing in type '{ id: string; name: string; color: string; }' but required in type 'Workspace'.
src/stores/__tests__/workspaces-slice.test.ts(66,9): error TS2741: Property 'description' is missing in type '{ id: string; name: string; color: string; }' but required in type 'Workspace'.
src/stores/__tests__/workspaces-slice.test.ts(67,9): error TS2741: Property 'description' is missing in type '{ id: string; name: string; color: string; }' but required in type 'Workspace'.
src/stores/__tests__/workspaces-slice.test.ts(79,20): error TS2741: Property 'description' is missing in type '{ id: string; name: string; color: string; }' but required in type 'Workspace'.
src/stores/downloads-slice-cancel.ts(24,31): error TS2345: Argument of type '{ kind: "download"; title: string; body: string; }' is not assignable to parameter of type 'Omit<AppNotification, "id" | "ts" | "read">'.
  Property 'message' is missing in type '{ kind: "download"; title: string; body: string; }' but required in type 'Omit<AppNotification, "id" | "ts" | "read">'.
src/stores/downloads-slice-cancel.ts(44,98): error TS2322: Type 'string | undefined' is not assignable to type 'string'.
  Type 'undefined' is not assignable to type 'string'.
src/stores/downloads-slice-release.ts(20,28): error TS7006: Parameter 'releaseId' implicitly has an 'any' type.
src/stores/downloads-slice-release.ts(27,22): error TS18048: 'rel.sizeMb' is possibly 'undefined'.
src/stores/downloads-slice-release.ts(29,13): error TS2741: Property 'completedAt' is missing in type '{ id: string; repo: string; quant: string; filename: string; sizeGb: number; progress: number; speed: number; eta: string; status: "downloading"; startedAt: number; modelName: string; builder: string; kind: string; variant: string; }' but required in type 'HFDownload'.
src/stores/downloads-slice-release.ts(40,77): error TS2345: Argument of type 'number | undefined' is not assignable to parameter of type 'number'.
  Type 'undefined' is not assignable to type 'number'.
src/stores/downloads-slice-release.ts(41,31): error TS2345: Argument of type '{ title: string; body: string; kind: "download"; }' is not assignable to parameter of type 'Omit<AppNotification, "id" | "ts" | "read">'.
  Property 'message' is missing in type '{ title: string; body: string; kind: "download"; }' but required in type 'Omit<AppNotification, "id" | "ts" | "read">'.
src/stores/downloads-slice-release.ts(74,35): error TS2345: Argument of type '{ title: string; body: string; kind: "download"; }' is not assignable to parameter of type 'Omit<AppNotification, "id" | "ts" | "read">'.
  Property 'message' is missing in type '{ title: string; body: string; kind: "download"; }' but required in type 'Omit<AppNotification, "id" | "ts" | "read">'.
src/stores/downloads-slice-start.ts(21,25): error TS7031: Binding element 'repo' implicitly has an 'any' type.
src/stores/downloads-slice-start.ts(21,31): error TS7031: Binding element 'quant' implicitly has an 'any' type.
src/stores/downloads-slice-start.ts(21,38): error TS7031: Binding element 'modelName' implicitly has an 'any' type.
src/stores/downloads-slice-start.ts(21,49): error TS7031: Binding element 'builder' implicitly has an 'any' type.
src/stores/downloads-slice-start.ts(26,33): error TS2339: Property 'baseSizeGb' does not exist on type 'never'.
src/stores/downloads-slice-start.ts(34,27): error TS2339: Property 'family' does not exist on type 'never'.
src/stores/downloads-slice-start.ts(38,33): error TS2339: Property 'architecture' does not exist on type 'never'.
src/stores/downloads-slice-start.ts(39,34): error TS2339: Property 'contextLength' does not exist on type 'never'.
src/stores/downloads-slice-start.ts(40,35): error TS2339: Property 'parameterCount' does not exist on type 'never'.
src/stores/downloads-slice-start.ts(42,28): error TS2339: Property 'license' does not exist on type 'never'.
src/stores/downloads-slice-start.ts(43,32): error TS2339: Property 'description' does not exist on type 'never'.
src/stores/downloads-slice-start.ts(44,31): error TS2339: Property 'uploadedAt' does not exist on type 'never'.
src/stores/downloads-slice-start.ts(45,32): error TS2339: Property 'downloads' does not exist on type 'never'.
src/stores/downloads-slice-start.ts(46,25): error TS2339: Property 'tags' does not exist on type 'never'.
src/stores/downloads-slice-start.ts(47,26): error TS2339: Property 'isMoe' does not exist on type 'never'.
src/stores/downloads-slice-start.ts(48,32): error TS2339: Property 'expertCount' does not exist on type 'never'.
src/stores/downloads-slice-start.ts(63,31): error TS2345: Argument of type '{ title: string; body: string; kind: "download"; }' is not assignable to parameter of type 'Omit<AppNotification, "id" | "ts" | "read">'.
  Property 'message' is missing in type '{ title: string; body: string; kind: "download"; }' but required in type 'Omit<AppNotification, "id" | "ts" | "read">'.
src/stores/downloads-slice-start.ts(87,37): error TS2345: Argument of type '{ title: string; body: string; kind: "download"; }' is not assignable to parameter of type 'Omit<AppNotification, "id" | "ts" | "read">'.
  Property 'message' is missing in type '{ title: string; body: string; kind: "download"; }' but required in type 'Omit<AppNotification, "id" | "ts" | "read">'.
src/stores/downloads-slice-start.ts(173,35): error TS2345: Argument of type '{ title: string; body: string; kind: "download"; }' is not assignable to parameter of type 'Omit<AppNotification, "id" | "ts" | "read">'.
  Property 'message' is missing in type '{ title: string; body: string; kind: "download"; }' but required in type 'Omit<AppNotification, "id" | "ts" | "read">'.
src/stores/downloads-slice.ts(12,10): error TS1205: Re-exporting a type when 'isolatedModules' is enabled requires using 'export type'.
src/stores/instances-slice-main.ts(52,109): error TS2304: Cannot find name 'nowTs'.
src/stores/instances-slice-main.ts(55,30): error TS2345: Argument of type '(s: LlamaStore) => { instances: (LlamaInstance | { status: "stopped"; startedAt: undefined; id: string; name: string; model: string; profile: string; port: number; ... 16 more ...; hibernatedConfig: any; })[]; }' is not assignable to parameter of type 'LlamaStore | Partial<LlamaStore> | ((state: LlamaStore) => LlamaStore | Partial<LlamaStore>)'.
  Type '(s: LlamaStore) => { instances: (LlamaInstance | { status: "stopped"; startedAt: undefined; id: string; name: string; model: string; profile: string; port: number; ... 16 more ...; hibernatedConfig: any; })[]; }' is not assignable to type '(state: LlamaStore) => LlamaStore | Partial<LlamaStore>'.
    Type '{ instances: (LlamaInstance | { status: "stopped"; startedAt: undefined; id: string; name: string; model: string; profile: string; port: number; host: string; gpu: string; ... 14 more ...; hibernatedConfig: any; })[]; }' is not assignable to type 'LlamaStore | Partial<LlamaStore>'.
      Type '{ instances: (LlamaInstance | { status: "stopped"; startedAt: undefined; id: string; name: string; model: string; profile: string; port: number; host: string; gpu: string; ... 14 more ...; hibernatedConfig: any; })[]; }' is not assignable to type 'Partial<LlamaStore>'.
        Types of property 'instances' are incompatible.
          Type '(LlamaInstance | { status: "stopped"; startedAt: undefined; id: string; name: string; model: string; profile: string; port: number; host: string; gpu: string; metrics: ProcessMetrics | null; ... 13 more ...; hibernatedConfig: any; })[]' is not assignable to type 'LlamaInstance[]'.
            Type 'LlamaInstance | { status: "stopped"; startedAt: undefined; id: string; name: string; model: string; profile: string; port: number; host: string; gpu: string; metrics: ProcessMetrics | null; ... 13 more ...; hibernatedConfig: any; }' is not assignable to type 'LlamaInstance'.
              Type '{ status: "stopped"; startedAt: undefined; id: string; name: string; model: string; profile: string; port: number; host: string; gpu: string; metrics: ProcessMetrics | null; ... 13 more ...; hibernatedConfig: any; }' is not assignable to type 'LlamaInstance'.
                Types of property 'startedAt' are incompatible.
                  Type 'undefined' is not assignable to type 'number'.
src/stores/instances-slice-start.ts(16,9): error TS2304: Cannot find name 'InstancesSlice'.
src/stores/instances-slice-start.ts(34,23): error TS7031: Binding element 'name' implicitly has an 'any' type.
src/stores/instances-slice-start.ts(34,29): error TS7031: Binding element 'model' implicitly has an 'any' type.
src/stores/instances-slice-start.ts(34,36): error TS7031: Binding element 'profile' implicitly has an 'any' type.
src/stores/instances-slice-start.ts(34,45): error TS7031: Binding element 'port' implicitly has an 'any' type.
src/stores/instances-slice-start.ts(34,51): error TS7031: Binding element 'host' implicitly has an 'any' type.
src/stores/instances-slice-start.ts(34,57): error TS7031: Binding element 'gpu' implicitly has an 'any' type.
src/stores/instances-slice-start.ts(43,36): error TS2322: Type 'string | number' is not assignable to type 'number'.
  Type 'string' is not assignable to type 'number'.
src/stores/instances-slice-start.ts(43,68): error TS2322: Type 'string | number' is not assignable to type 'number'.
  Type 'string' is not assignable to type 'number'.
src/stores/instances-slice-start.ts(61,13): error TS2322: Type 'string | number' is not assignable to type 'number | undefined'.
  Type 'string' is not assignable to type 'number'.
src/stores/instances-slice-start.ts(62,13): error TS2322: Type 'string | number' is not assignable to type 'number | undefined'.
  Type 'string' is not assignable to type 'number'.
src/stores/instances-slice-start.ts(63,13): error TS2322: Type 'string | number' is not assignable to type 'number | undefined'.
  Type 'string' is not assignable to type 'number'.
src/stores/instances-slice-start.ts(64,13): error TS2322: Type 'string | number' is not assignable to type 'number | undefined'.
  Type 'string' is not assignable to type 'number'.
src/stores/instances-slice-start.ts(65,13): error TS2322: Type 'string | number' is not assignable to type 'number | undefined'.
  Type 'string' is not assignable to type 'number'.
src/stores/instances-slice-start.ts(71,13): error TS2322: Type 'string | number' is not assignable to type 'number | undefined'.
  Type 'string' is not assignable to type 'number'.
src/stores/instances-slice-start.ts(73,13): error TS2322: Type 'string | number' is not assignable to type 'number | undefined'.
  Type 'string' is not assignable to type 'number'.
src/stores/instances-slice-start.ts(74,13): error TS2322: Type 'string | number' is not assignable to type 'number | undefined'.
  Type 'string' is not assignable to type 'number'.
src/stores/instances-slice-start.ts(77,13): error TS2322: Type 'string | number' is not assignable to type 'number | undefined'.
  Type 'string' is not assignable to type 'number'.
src/stores/instances-slice-start.ts(82,13): error TS2322: Type 'string | number' is not assignable to type 'number | undefined'.
  Type 'string' is not assignable to type 'number'.
src/stores/instances-slice-start.ts(85,13): error TS2322: Type 'string | number' is not assignable to type 'number | undefined'.
  Type 'string' is not assignable to type 'number'.
src/stores/instances-slice-start.ts(86,13): error TS2322: Type 'string | number' is not assignable to type 'number | undefined'.
  Type 'string' is not assignable to type 'number'.
src/stores/instances-slice-start.ts(87,13): error TS2322: Type 'string | number' is not assignable to type 'number | undefined'.
  Type 'string' is not assignable to type 'number'.
src/stores/instances-slice-start.ts(88,13): error TS2322: Type 'string | number' is not assignable to type 'number | undefined'.
  Type 'string' is not assignable to type 'number'.
src/stores/instances-slice-start.ts(89,13): error TS2322: Type 'string | number' is not assignable to type 'number | undefined'.
  Type 'string' is not assignable to type 'number'.
src/stores/instances-slice-start.ts(90,13): error TS2322: Type 'string | number' is not assignable to type 'number | undefined'.
  Type 'string' is not assignable to type 'number'.
src/stores/instances-slice-start.ts(91,13): error TS2322: Type 'string | number' is not assignable to type 'number | undefined'.
  Type 'string' is not assignable to type 'number'.
src/stores/instances-slice-start.ts(92,13): error TS2322: Type 'string | number' is not assignable to type 'number | undefined'.
  Type 'string' is not assignable to type 'number'.
src/stores/instances-slice-start.ts(93,13): error TS2322: Type 'string | number' is not assignable to type 'number | undefined'.
  Type 'string' is not assignable to type 'number'.
src/stores/instances-slice-start.ts(98,13): error TS2322: Type 'string | number' is not assignable to type 'number | undefined'.
  Type 'string' is not assignable to type 'number'.
src/stores/instances-slice-start.ts(101,13): error TS2322: Type 'string | number' is not assignable to type 'number | undefined'.
  Type 'string' is not assignable to type 'number'.
src/stores/instances-slice-start.ts(102,13): error TS2322: Type 'string | number' is not assignable to type 'number | undefined'.
  Type 'string' is not assignable to type 'number'.
src/stores/instances-slice-start.ts(103,13): error TS2322: Type 'string | number' is not assignable to type 'number | undefined'.
  Type 'string' is not assignable to type 'number'.
src/stores/instances-slice-start.ts(106,13): error TS2322: Type 'string | number' is not assignable to type 'number | undefined'.
  Type 'string' is not assignable to type 'number'.
src/stores/instances-slice.ts(15,10): error TS1205: Re-exporting a type when 'isolatedModules' is enabled requires using 'export type'.
src/stores/models-slice.ts(67,31): error TS2345: Argument of type '{ title: string; body: string; kind: "success"; }' is not assignable to parameter of type 'Omit<AppNotification, "id" | "ts" | "read">'.
  Property 'message' is missing in type '{ title: string; body: string; kind: "success"; }' but required in type 'Omit<AppNotification, "id" | "ts" | "read">'.
src/stores/releases-slice.ts(40,15): error TS2322: Type '{ id: string; tag: string; publishedAt: string; commit: string; notes: string; installed: boolean; variant: ReleaseVariant; priority: boolean; downloadUrl: string; sizeMb: number; workspaceId: null; }[]' is not assignable to type 'LlamaRelease[]'.
  Type '{ id: string; tag: string; publishedAt: string; commit: string; notes: string; installed: boolean; variant: ReleaseVariant; priority: boolean; downloadUrl: string; sizeMb: number; workspaceId: null; }' is missing the following properties from type 'LlamaRelease': published_at, download_url, size_mb
src/stores/system-slice-activity.ts(28,15): error TS2322: Type '"waking"' is not assignable to type 'AppStatus | undefined'.
src/stores/system-slice-activity.ts(53,15): error TS2367: This comparison appears to be unintentional because the types 'AppStatus' and '"waking"' have no overlap.
src/stores/system-slice-activity.ts(66,52): error TS2551: Property 'hibernateAfterSec' does not exist on type 'WorkspaceSettings'. Did you mean 'hibernate_after_sec'?
src/stores/system-slice-main.ts(23,20): error TS7006: Parameter 'st' implicitly has an 'any' type.
src/stores/system-slice-main.ts(25,18): error TS7006: Parameter 'm' implicitly has an 'any' type.
src/stores/system-slice-main.ts(51,11): error TS2561: Object literal may only specify known properties, but 'gpuName' does not exist in type 'SystemCapabilities'. Did you mean to write 'gpu_name'?
src/stores/system-slice.ts(12,10): error TS1205: Re-exporting a type when 'isolatedModules' is enabled requires using 'export type'.
src/stores/system-slice.ts(23,7): error TS2561: Object literal may only specify known properties, but 'gpuName' does not exist in type 'SystemCapabilities'. Did you mean to write 'gpu_name'?
src/stores/workspaces-slice.ts(70,13): error TS2322: Type '{ id: string; name: string; color: string; description: string | undefined; }[]' is not assignable to type 'Workspace[]'.
  Type '{ id: string; name: string; color: Workspace["color"]; description: string | undefined; }' is not assignable to type 'Workspace'.
    Types of property 'description' are incompatible.
      Type 'string | undefined' is not assignable to type 'string | null'.
        Type 'undefined' is not assignable to type 'string | null'.
